Archive member included to satisfy reference by file (symbol)

c:/users/adam dixon/desktop/ubc orbit/software/eclipse_for_c/eclipse/plugins/fr.ac6.mcu.externaltools.arm-none.win32_1.16.0.201807130628/tools/compiler/bin/../lib/gcc/arm-none-eabi/7.2.1/thumb/v7e-m/fpv5/hard\libgcc.a(_aeabi_uldivmod.o)
                              Drivers/STM32H7xx_HAL_Driver/Src/stm32h7xx_hal_uart.o (__aeabi_uldivmod)
c:/users/adam dixon/desktop/ubc orbit/software/eclipse_for_c/eclipse/plugins/fr.ac6.mcu.externaltools.arm-none.win32_1.16.0.201807130628/tools/compiler/bin/../lib/gcc/arm-none-eabi/7.2.1/thumb/v7e-m/fpv5/hard\libgcc.a(_udivmoddi4.o)
                              c:/users/adam dixon/desktop/ubc orbit/software/eclipse_for_c/eclipse/plugins/fr.ac6.mcu.externaltools.arm-none.win32_1.16.0.201807130628/tools/compiler/bin/../lib/gcc/arm-none-eabi/7.2.1/thumb/v7e-m/fpv5/hard\libgcc.a(_aeabi_uldivmod.o) (__udivmoddi4)
c:/users/adam dixon/desktop/ubc orbit/software/eclipse_for_c/eclipse/plugins/fr.ac6.mcu.externaltools.arm-none.win32_1.16.0.201807130628/tools/compiler/bin/../lib/gcc/arm-none-eabi/7.2.1/thumb/v7e-m/fpv5/hard\libgcc.a(_dvmd_tls.o)
                              c:/users/adam dixon/desktop/ubc orbit/software/eclipse_for_c/eclipse/plugins/fr.ac6.mcu.externaltools.arm-none.win32_1.16.0.201807130628/tools/compiler/bin/../lib/gcc/arm-none-eabi/7.2.1/thumb/v7e-m/fpv5/hard\libgcc.a(_aeabi_uldivmod.o) (__aeabi_ldiv0)
c:/users/adam dixon/desktop/ubc orbit/software/eclipse_for_c/eclipse/plugins/fr.ac6.mcu.externaltools.arm-none.win32_1.16.0.201807130628/tools/compiler/bin/../lib/gcc/arm-none-eabi/7.2.1/../../../../arm-none-eabi/lib/thumb/v7e-m/fpv5/hard\libc_nano.a(lib_a-exit.o)
                              c:/users/adam dixon/desktop/ubc orbit/software/eclipse_for_c/eclipse/plugins/fr.ac6.mcu.externaltools.arm-none.win32_1.16.0.201807130628/tools/compiler/bin/../lib/gcc/arm-none-eabi/7.2.1/../../../../arm-none-eabi/lib/thumb/v7e-m/fpv5/hard/crt0.o (exit)
c:/users/adam dixon/desktop/ubc orbit/software/eclipse_for_c/eclipse/plugins/fr.ac6.mcu.externaltools.arm-none.win32_1.16.0.201807130628/tools/compiler/bin/../lib/gcc/arm-none-eabi/7.2.1/../../../../arm-none-eabi/lib/thumb/v7e-m/fpv5/hard\libc_nano.a(lib_a-impure.o)
                              c:/users/adam dixon/desktop/ubc orbit/software/eclipse_for_c/eclipse/plugins/fr.ac6.mcu.externaltools.arm-none.win32_1.16.0.201807130628/tools/compiler/bin/../lib/gcc/arm-none-eabi/7.2.1/../../../../arm-none-eabi/lib/thumb/v7e-m/fpv5/hard\libc_nano.a(lib_a-exit.o) (_global_impure_ptr)
c:/users/adam dixon/desktop/ubc orbit/software/eclipse_for_c/eclipse/plugins/fr.ac6.mcu.externaltools.arm-none.win32_1.16.0.201807130628/tools/compiler/bin/../lib/gcc/arm-none-eabi/7.2.1/../../../../arm-none-eabi/lib/thumb/v7e-m/fpv5/hard\libc_nano.a(lib_a-init.o)
                              c:/users/adam dixon/desktop/ubc orbit/software/eclipse_for_c/eclipse/plugins/fr.ac6.mcu.externaltools.arm-none.win32_1.16.0.201807130628/tools/compiler/bin/../lib/gcc/arm-none-eabi/7.2.1/../../../../arm-none-eabi/lib/thumb/v7e-m/fpv5/hard/crt0.o (__libc_init_array)
c:/users/adam dixon/desktop/ubc orbit/software/eclipse_for_c/eclipse/plugins/fr.ac6.mcu.externaltools.arm-none.win32_1.16.0.201807130628/tools/compiler/bin/../lib/gcc/arm-none-eabi/7.2.1/../../../../arm-none-eabi/lib/thumb/v7e-m/fpv5/hard\libc_nano.a(lib_a-memset.o)
                              c:/users/adam dixon/desktop/ubc orbit/software/eclipse_for_c/eclipse/plugins/fr.ac6.mcu.externaltools.arm-none.win32_1.16.0.201807130628/tools/compiler/bin/../lib/gcc/arm-none-eabi/7.2.1/../../../../arm-none-eabi/lib/thumb/v7e-m/fpv5/hard/crt0.o (memset)
c:/users/adam dixon/desktop/ubc orbit/software/eclipse_for_c/eclipse/plugins/fr.ac6.mcu.externaltools.arm-none.win32_1.16.0.201807130628/tools/compiler/bin/../lib/gcc/arm-none-eabi/7.2.1/../../../../arm-none-eabi/lib/thumb/v7e-m/fpv5/hard\libnosys.a(_exit.o)
                              c:/users/adam dixon/desktop/ubc orbit/software/eclipse_for_c/eclipse/plugins/fr.ac6.mcu.externaltools.arm-none.win32_1.16.0.201807130628/tools/compiler/bin/../lib/gcc/arm-none-eabi/7.2.1/../../../../arm-none-eabi/lib/thumb/v7e-m/fpv5/hard\libc_nano.a(lib_a-exit.o) (_exit)

Allocating common symbols
Common symbol       size              file

huart3              0x80              Src/main.o
pFlash              0x1c              Drivers/STM32H7xx_HAL_Driver/Src/stm32h7xx_hal_flash.o
hfdcan1             0x9c              Src/main.o

Discarded input sections

 .text          0x00000000        0x0 c:/users/adam dixon/desktop/ubc orbit/software/eclipse_for_c/eclipse/plugins/fr.ac6.mcu.externaltools.arm-none.win32_1.16.0.201807130628/tools/compiler/bin/../lib/gcc/arm-none-eabi/7.2.1/thumb/v7e-m/fpv5/hard/crti.o
[...]
Memory Configuration

Name             Origin             Length             Attributes
DTCMRAM          0x20000000         0x00020000         xrw
RAM_D1           0x24000000         0x00080000         xrw
RAM_D2           0x30000000         0x00048000         xrw
RAM_D3           0x38000000         0x00010000         xrw
ITCMRAM          0x00000000         0x00010000         xrw
FLASH            0x08000000         0x00200000         xr
*default*        0x00000000         0xffffffff

Linker script and memory map

LOAD c:/users/adam dixon/desktop/ubc orbit/software/eclipse_for_c/eclipse/plugins/fr.ac6.mcu.externaltools.arm-none.win32_1.16.0.201807130628/tools/compiler/bin/../lib/gcc/arm-none-eabi/7.2.1/thumb/v7e-m/fpv5/hard/crti.o
LOAD c:/users/adam dixon/desktop/ubc orbit/software/eclipse_for_c/eclipse/plugins/fr.ac6.mcu.externaltools.arm-none.win32_1.16.0.201807130628/tools/compiler/bin/../lib/gcc/arm-none-eabi/7.2.1/thumb/v7e-m/fpv5/hard/crtbegin.o
LOAD c:/users/adam dixon/desktop/ubc orbit/software/eclipse_for_c/eclipse/plugins/fr.ac6.mcu.externaltools.arm-none.win32_1.16.0.201807130628/tools/compiler/bin/../lib/gcc/arm-none-eabi/7.2.1/../../../../arm-none-eabi/lib/thumb/v7e-m/fpv5/hard/crt0.o
LOAD Drivers/STM32H7xx_HAL_Driver/Src/stm32h7xx_hal.o
LOAD Drivers/STM32H7xx_HAL_Driver/Src/stm32h7xx_hal_cortex.o
LOAD Drivers/STM32H7xx_HAL_Driver/Src/stm32h7xx_hal_dma.o
LOAD Drivers/STM32H7xx_HAL_Driver/Src/stm32h7xx_hal_dma_ex.o
LOAD Drivers/STM32H7xx_HAL_Driver/Src/stm32h7xx_hal_fdcan.o
LOAD Drivers/STM32H7xx_HAL_Driver/Src/stm32h7xx_hal_flash.o
LOAD Drivers/STM32H7xx_HAL_Driver/Src/stm32h7xx_hal_flash_ex.o
LOAD Drivers/STM32H7xx_HAL_Driver/Src/stm32h7xx_hal_gpio.o
LOAD Drivers/STM32H7xx_HAL_Driver/Src/stm32h7xx_hal_hsem.o
LOAD Drivers/STM32H7xx_HAL_Driver/Src/stm32h7xx_hal_i2c.o
LOAD Drivers/STM32H7xx_HAL_Driver/Src/stm32h7xx_hal_i2c_ex.o
LOAD Drivers/STM32H7xx_HAL_Driver/Src/stm32h7xx_hal_mdma.o
LOAD Drivers/STM32H7xx_HAL_Driver/Src/stm32h7xx_hal_pwr.o
LOAD Drivers/STM32H7xx_HAL_Driver/Src/stm32h7xx_hal_pwr_ex.o
LOAD Drivers/STM32H7xx_HAL_Driver/Src/stm32h7xx_hal_rcc.o
LOAD Drivers/STM32H7xx_HAL_Driver/Src/stm32h7xx_hal_rcc_ex.o
LOAD Drivers/STM32H7xx_HAL_Driver/Src/stm32h7xx_hal_tim.o
LOAD Drivers/STM32H7xx_HAL_Driver/Src/stm32h7xx_hal_tim_ex.o
LOAD Drivers/STM32H7xx_HAL_Driver/Src/stm32h7xx_hal_uart.o
LOAD Drivers/STM32H7xx_HAL_Driver/Src/stm32h7xx_hal_uart_ex.o
LOAD Src/main.o
LOAD Src/stm32h7xx_hal_msp.o
LOAD Src/stm32h7xx_it.o
LOAD Src/system_stm32h7xx.o
LOAD startup/startup_stm32h743xx.o
LOAD c:/users/adam dixon/desktop/ubc orbit/software/eclipse_for_c/eclipse/plugins/fr.ac6.mcu.externaltools.arm-none.win32_1.16.0.201807130628/tools/compiler/bin/../lib/gcc/arm-none-eabi/7.2.1/../../../../arm-none-eabi/lib/thumb/v7e-m/fpv5/hard\libm.a
START GROUP
LOAD c:/users/adam dixon/desktop/ubc orbit/software/eclipse_for_c/eclipse/plugins/fr.ac6.mcu.externaltools.arm-none.win32_1.16.0.201807130628/tools/compiler/bin/../lib/gcc/arm-none-eabi/7.2.1/thumb/v7e-m/fpv5/hard\libgcc.a
LOAD c:/users/adam dixon/desktop/ubc orbit/software/eclipse_for_c/eclipse/plugins/fr.ac6.mcu.externaltools.arm-none.win32_1.16.0.201807130628/tools/compiler/bin/../lib/gcc/arm-none-eabi/7.2.1/../../../../arm-none-eabi/lib/thumb/v7e-m/fpv5/hard\libc_nano.a
END GROUP
START GROUP
LOAD c:/users/adam dixon/desktop/ubc orbit/software/eclipse_for_c/eclipse/plugins/fr.ac6.mcu.externaltools.arm-none.win32_1.16.0.201807130628/tools/compiler/bin/../lib/gcc/arm-none-eabi/7.2.1/thumb/v7e-m/fpv5/hard\libgcc.a
LOAD c:/users/adam dixon/desktop/ubc orbit/software/eclipse_for_c/eclipse/plugins/fr.ac6.mcu.externaltools.arm-none.win32_1.16.0.201807130628/tools/compiler/bin/../lib/gcc/arm-none-eabi/7.2.1/../../../../arm-none-eabi/lib/thumb/v7e-m/fpv5/hard\libc_nano.a
LOAD c:/users/adam dixon/desktop/ubc orbit/software/eclipse_for_c/eclipse/plugins/fr.ac6.mcu.externaltools.arm-none.win32_1.16.0.201807130628/tools/compiler/bin/../lib/gcc/arm-none-eabi/7.2.1/../../../../arm-none-eabi/lib/thumb/v7e-m/fpv5/hard\libnosys.a
END GROUP
START GROUP
LOAD c:/users/adam dixon/desktop/ubc orbit/software/eclipse_for_c/eclipse/plugins/fr.ac6.mcu.externaltools.arm-none.win32_1.16.0.201807130628/tools/compiler/bin/../lib/gcc/arm-none-eabi/7.2.1/thumb/v7e-m/fpv5/hard\libgcc.a
LOAD c:/users/adam dixon/desktop/ubc orbit/software/eclipse_for_c/eclipse/plugins/fr.ac6.mcu.externaltools.arm-none.win32_1.16.0.201807130628/tools/compiler/bin/../lib/gcc/arm-none-eabi/7.2.1/../../../../arm-none-eabi/lib/thumb/v7e-m/fpv5/hard\libc_nano.a
LOAD c:/users/adam dixon/desktop/ubc orbit/software/eclipse_for_c/eclipse/plugins/fr.ac6.mcu.externaltools.arm-none.win32_1.16.0.201807130628/tools/compiler/bin/../lib/gcc/arm-none-eabi/7.2.1/../../../../arm-none-eabi/lib/thumb/v7e-m/fpv5/hard\libnosys.a
END GROUP
LOAD c:/users/adam dixon/desktop/ubc orbit/software/eclipse_for_c/eclipse/plugins/fr.ac6.mcu.externaltools.arm-none.win32_1.16.0.201807130628/tools/compiler/bin/../lib/gcc/arm-none-eabi/7.2.1/thumb/v7e-m/fpv5/hard/crtend.o
LOAD c:/users/adam dixon/desktop/ubc orbit/software/eclipse_for_c/eclipse/plugins/fr.ac6.mcu.externaltools.arm-none.win32_1.16.0.201807130628/tools/compiler/bin/../lib/gcc/arm-none-eabi/7.2.1/thumb/v7e-m/fpv5/hard/crtn.o
                0x20020000                _estack = 0x20020000
                0x00000200                _Min_Heap_Size = 0x200
                0x00000400                _Min_Stack_Size = 0x400

.isr_vector     0x08000000      0x298
                0x08000000                . = ALIGN (0x4)
 *(.isr_vector)
 .isr_vector    0x08000000      0x298 startup/startup_stm32h743xx.o
                0x08000000                g_pfnVectors
                0x08000298                . = ALIGN (0x4)

.text           0x08000298     0x3650
                0x08000298                . = ALIGN (0x4)
 *(.text)
 .text          0x08000298       0x40 c:/users/adam dixon/desktop/ubc orbit/software/eclipse_for_c/eclipse/plugins/fr.ac6.mcu.externaltools.arm-none.win32_1.16.0.201807130628/tools/compiler/bin/../lib/gcc/arm-none-eabi/7.2.1/thumb/v7e-m/fpv5/hard/crtbegin.o
 .text          0x080002d8       0x30 c:/users/adam dixon/desktop/ubc orbit/software/eclipse_for_c/eclipse/plugins/fr.ac6.mcu.externaltools.arm-none.win32_1.16.0.201807130628/tools/compiler/bin/../lib/gcc/arm-none-eabi/7.2.1/thumb/v7e-m/fpv5/hard\libgcc.a(_aeabi_uldivmod.o)
                0x080002d8                __aeabi_uldivmod
 .text          0x08000308      0x2cc c:/users/adam dixon/desktop/ubc orbit/software/eclipse_for_c/eclipse/plugins/fr.ac6.mcu.externaltools.arm-none.win32_1.16.0.201807130628/tools/compiler/bin/../lib/gcc/arm-none-eabi/7.2.1/thumb/v7e-m/fpv5/hard\libgcc.a(_udivmoddi4.o)
                0x08000308                __udivmoddi4
 .text          0x080005d4        0x4 c:/users/adam dixon/desktop/ubc orbit/software/eclipse_for_c/eclipse/plugins/fr.ac6.mcu.externaltools.arm-none.win32_1.16.0.201807130628/tools/compiler/bin/../lib/gcc/arm-none-eabi/7.2.1/thumb/v7e-m/fpv5/hard\libgcc.a(_dvmd_tls.o)
                0x080005d4                __aeabi_idiv0
                0x080005d4                __aeabi_ldiv0
 *(.text*)
 .text.HAL_InitTick
                0x080005d8       0x48 Drivers/STM32H7xx_HAL_Driver/Src/stm32h7xx_hal.o
                0x080005d8                HAL_InitTick
 .text.HAL_Init
                0x08000620       0x1e Drivers/STM32H7xx_HAL_Driver/Src/stm32h7xx_hal.o
                0x08000620                HAL_Init
 *fill*         0x0800063e        0x2 
 .text.HAL_IncTick
                0x08000640       0x18 Drivers/STM32H7xx_HAL_Driver/Src/stm32h7xx_hal.o
                0x08000640                HAL_IncTick
 .text.HAL_GetTick
                0x08000658        0xc Drivers/STM32H7xx_HAL_Driver/Src/stm32h7xx_hal.o
                0x08000658                HAL_GetTick
 .text.HAL_Delay
                0x08000664       0x28 Drivers/STM32H7xx_HAL_Driver/Src/stm32h7xx_hal.o
                0x08000664                HAL_Delay
 .text.HAL_NVIC_SetPriorityGrouping
                0x0800068c       0x24 Drivers/STM32H7xx_HAL_Driver/Src/stm32h7xx_hal_cortex.o
                0x0800068c                HAL_NVIC_SetPriorityGrouping
 .text.HAL_NVIC_SetPriority
                0x080006b0       0x64 Drivers/STM32H7xx_HAL_Driver/Src/stm32h7xx_hal_cortex.o
                0x080006b0                HAL_NVIC_SetPriority
 .text.HAL_SYSTICK_Config
                0x08000714       0x2c Drivers/STM32H7xx_HAL_Driver/Src/stm32h7xx_hal_cortex.o
                0x08000714                HAL_SYSTICK_Config
 .text.HAL_SYSTICK_CLKSourceConfig
                0x08000740       0x20 Drivers/STM32H7xx_HAL_Driver/Src/stm32h7xx_hal_cortex.o
                0x08000740                HAL_SYSTICK_CLKSourceConfig
 .text.HAL_SYSTICK_Callback
                0x08000760        0x2 Drivers/STM32H7xx_HAL_Driver/Src/stm32h7xx_hal_cortex.o
                0x08000760                HAL_SYSTICK_Callback
 .text.HAL_SYSTICK_IRQHandler
                0x08000762        0x8 Drivers/STM32H7xx_HAL_Driver/Src/stm32h7xx_hal_cortex.o
                0x08000762                HAL_SYSTICK_IRQHandler
 *fill*         0x0800076a        0x2 
 .text.FDCAN_CalcultateRamBlockAddresses
                0x0800076c      0x204 Drivers/STM32H7xx_HAL_Driver/Src/stm32h7xx_hal_fdcan.o
 .text.FDCAN_CopyMessageToRAM
                0x08000970       0x84 Drivers/STM32H7xx_HAL_Driver/Src/stm32h7xx_hal_fdcan.o
 .text.HAL_FDCAN_Init
                0x080009f4      0x25c Drivers/STM32H7xx_HAL_Driver/Src/stm32h7xx_hal_fdcan.o
                0x080009f4                HAL_FDCAN_Init
 .text.HAL_FDCAN_Start
                0x08000c50       0x34 Drivers/STM32H7xx_HAL_Driver/Src/stm32h7xx_hal_fdcan.o
                0x08000c50                HAL_FDCAN_Start
 .text.HAL_FDCAN_AddMessageToTxFifoQ
                0x08000c84       0x72 Drivers/STM32H7xx_HAL_Driver/Src/stm32h7xx_hal_fdcan.o
                0x08000c84                HAL_FDCAN_AddMessageToTxFifoQ
 *fill*         0x08000cf6        0x2 
 .text.HAL_GPIO_Init
                0x08000cf8      0x1ec Drivers/STM32H7xx_HAL_Driver/Src/stm32h7xx_hal_gpio.o
                0x08000cf8                HAL_GPIO_Init
 .text.HAL_GPIO_WritePin
                0x08000ee4        0xa Drivers/STM32H7xx_HAL_Driver/Src/stm32h7xx_hal_gpio.o
                0x08000ee4                HAL_GPIO_WritePin
 *fill*         0x08000eee        0x2 
 .text.HAL_RCC_OscConfig
                0x08000ef0      0x588 Drivers/STM32H7xx_HAL_Driver/Src/stm32h7xx_hal_rcc.o
                0x08000ef0                HAL_RCC_OscConfig
 .text.HAL_RCC_GetSysClockFreq
                0x08001478      0x1cc Drivers/STM32H7xx_HAL_Driver/Src/stm32h7xx_hal_rcc.o
                0x08001478                HAL_RCC_GetSysClockFreq
 .text.HAL_RCC_ClockConfig
                0x08001644      0x1f0 Drivers/STM32H7xx_HAL_Driver/Src/stm32h7xx_hal_rcc.o
                0x08001644                HAL_RCC_ClockConfig
 .text.HAL_RCC_GetHCLKFreq
                0x08001834       0x34 Drivers/STM32H7xx_HAL_Driver/Src/stm32h7xx_hal_rcc.o
                0x08001834                HAL_RCC_GetHCLKFreq
 .text.HAL_RCC_GetPCLK1Freq
                0x08001868       0x2c Drivers/STM32H7xx_HAL_Driver/Src/stm32h7xx_hal_rcc.o
                0x08001868                HAL_RCC_GetPCLK1Freq
 .text.HAL_RCC_GetPCLK2Freq
                0x08001894       0x2c Drivers/STM32H7xx_HAL_Driver/Src/stm32h7xx_hal_rcc.o
                0x08001894                HAL_RCC_GetPCLK2Freq
 .text.RCCEx_PLL2_Config
                0x080018c0       0xe8 Drivers/STM32H7xx_HAL_Driver/Src/stm32h7xx_hal_rcc_ex.o
 .text.RCCEx_PLL3_Config
                0x080019a8       0xe8 Drivers/STM32H7xx_HAL_Driver/Src/stm32h7xx_hal_rcc_ex.o
 .text.HAL_RCCEx_PeriphCLKConfig
                0x08001a90      0x928 Drivers/STM32H7xx_HAL_Driver/Src/stm32h7xx_hal_rcc_ex.o
                0x08001a90                HAL_RCCEx_PeriphCLKConfig
 .text.HAL_RCCEx_GetD3PCLK1Freq
                0x080023b8       0x2c Drivers/STM32H7xx_HAL_Driver/Src/stm32h7xx_hal_rcc_ex.o
                0x080023b8                HAL_RCCEx_GetD3PCLK1Freq
 .text.HAL_RCCEx_GetPLL2ClockFreq
                0x080023e4      0x1cc Drivers/STM32H7xx_HAL_Driver/Src/stm32h7xx_hal_rcc_ex.o
                0x080023e4                HAL_RCCEx_GetPLL2ClockFreq
 .text.HAL_RCCEx_GetPLL3ClockFreq
                0x080025b0      0x1cc Drivers/STM32H7xx_HAL_Driver/Src/stm32h7xx_hal_rcc_ex.o
                0x080025b0                HAL_RCCEx_GetPLL3ClockFreq
 .text.HAL_RCCEx_GetD1SysClockFreq
                0x0800277c       0x34 Drivers/STM32H7xx_HAL_Driver/Src/stm32h7xx_hal_rcc_ex.o
                0x0800277c                HAL_RCCEx_GetD1SysClockFreq
 .text.UART_SetConfig
                0x080027b0      0x930 Drivers/STM32H7xx_HAL_Driver/Src/stm32h7xx_hal_uart.o
                0x080027b0                UART_SetConfig
 .text.UART_AdvFeatureConfig
                0x080030e0       0xca Drivers/STM32H7xx_HAL_Driver/Src/stm32h7xx_hal_uart.o
                0x080030e0                UART_AdvFeatureConfig
 .text.UART_WaitOnFlagUntilTimeout
                0x080031aa       0x62 Drivers/STM32H7xx_HAL_Driver/Src/stm32h7xx_hal_uart.o
                0x080031aa                UART_WaitOnFlagUntilTimeout
 .text.HAL_UART_Transmit
                0x0800320c       0xd2 Drivers/STM32H7xx_HAL_Driver/Src/stm32h7xx_hal_uart.o
                0x0800320c                HAL_UART_Transmit
 .text.UART_CheckIdleState
                0x080032de       0x70 Drivers/STM32H7xx_HAL_Driver/Src/stm32h7xx_hal_uart.o
                0x080032de                UART_CheckIdleState
 .text.HAL_UART_Init
                0x0800334e       0x66 Drivers/STM32H7xx_HAL_Driver/Src/stm32h7xx_hal_uart.o
                0x0800334e                HAL_UART_Init
 .text.MX_GPIO_Init
                0x080033b4       0x64 Src/main.o
 .text._Error_Handler
                0x08003418        0x2 Src/main.o
                0x08003418                _Error_Handler
 *fill*         0x0800341a        0x2 
 .text.MX_FDCAN1_Init
                0x0800341c       0x84 Src/main.o
 .text.MX_USART3_UART_Init
                0x080034a0       0x48 Src/main.o
 .text.SystemClock_Config
                0x080034e8       0xe8 Src/main.o
                0x080034e8                SystemClock_Config
 .text.main     0x080035d0       0xac Src/main.o
                0x080035d0                main
 .text.HAL_MspInit
                0x0800367c       0x84 Src/stm32h7xx_hal_msp.o
                0x0800367c                HAL_MspInit
 .text.HAL_FDCAN_MspInit
                0x08003700       0x58 Src/stm32h7xx_hal_msp.o
                0x08003700                HAL_FDCAN_MspInit
 .text.HAL_UART_MspInit
                0x08003758       0x58 Src/stm32h7xx_hal_msp.o
                0x08003758                HAL_UART_MspInit
 .text.NMI_Handler
                0x080037b0        0x2 Src/stm32h7xx_it.o
                0x080037b0                NMI_Handler
 .text.HardFault_Handler
                0x080037b2        0x2 Src/stm32h7xx_it.o
                0x080037b2                HardFault_Handler
 .text.MemManage_Handler
                0x080037b4        0x2 Src/stm32h7xx_it.o
                0x080037b4                MemManage_Handler
 .text.BusFault_Handler
                0x080037b6        0x2 Src/stm32h7xx_it.o
                0x080037b6                BusFault_Handler
 .text.UsageFault_Handler
                0x080037b8        0x2 Src/stm32h7xx_it.o
                0x080037b8                UsageFault_Handler
 .text.SVC_Handler
                0x080037ba        0x2 Src/stm32h7xx_it.o
                0x080037ba                SVC_Handler
 .text.DebugMon_Handler
                0x080037bc        0x2 Src/stm32h7xx_it.o
                0x080037bc                DebugMon_Handler
 .text.PendSV_Handler
                0x080037be        0x2 Src/stm32h7xx_it.o
                0x080037be                PendSV_Handler
 .text.SysTick_Handler
                0x080037c0        0xc Src/stm32h7xx_it.o
                0x080037c0                SysTick_Handler
 .text.SystemInit
                0x080037cc       0x68 Src/system_stm32h7xx.o
                0x080037cc                SystemInit
 .text.Reset_Handler
                0x08003834       0x50 startup/startup_stm32h743xx.o
                0x08003834                Reset_Handler
 .text.Default_Handler
                0x08003884        0x2 startup/startup_stm32h743xx.o
                0x08003884                RTC_Alarm_IRQHandler
                0x08003884                EXTI2_IRQHandler
                0x08003884                TIM8_CC_IRQHandler
                0x08003884                HRTIM1_Master_IRQHandler
                0x08003884                UART8_IRQHandler
                0x08003884                SPI4_IRQHandler
                0x08003884                TIM1_CC_IRQHandler
                0x08003884                BDMA_Channel6_IRQHandler
                0x08003884                DMA2_Stream5_IRQHandler
                0x08003884                HRTIM1_FLT_IRQHandler
                0x08003884                JPEG_IRQHandler
                0x08003884                DMA1_Stream5_IRQHandler
                0x08003884                BDMA_Channel1_IRQHandler
                0x08003884                HRTIM1_TIMD_IRQHandler
                0x08003884                TAMP_STAMP_IRQHandler
                0x08003884                EXTI3_IRQHandler
                0x08003884                LPTIM4_IRQHandler
                0x08003884                TIM8_TRG_COM_TIM14_IRQHandler
                0x08003884                LPTIM2_IRQHandler
                0x08003884                DFSDM1_FLT1_IRQHandler
                0x08003884                DMAMUX2_OVR_IRQHandler
                0x08003884                TIM8_UP_TIM13_IRQHandler
                0x08003884                I2C3_ER_IRQHandler
                0x08003884                DFSDM1_FLT2_IRQHandler
                0x08003884                MDMA_IRQHandler
                0x08003884                LPTIM3_IRQHandler
                0x08003884                HSEM1_IRQHandler
                0x08003884                EXTI0_IRQHandler
                0x08003884                I2C2_EV_IRQHandler
                0x08003884                DMA1_Stream2_IRQHandler
                0x08003884                FPU_IRQHandler
                0x08003884                OTG_HS_WKUP_IRQHandler
                0x08003884                FDCAN1_IT1_IRQHandler
                0x08003884                LTDC_ER_IRQHandler
                0x08003884                DMA2_Stream2_IRQHandler
                0x08003884                HRTIM1_TIME_IRQHandler
                0x08003884                SPI1_IRQHandler
                0x08003884                TIM6_DAC_IRQHandler
                0x08003884                DCMI_IRQHandler
                0x08003884                HRTIM1_TIMC_IRQHandler
                0x08003884                DMA2_Stream3_IRQHandler
                0x08003884                SAI2_IRQHandler
                0x08003884                DFSDM1_FLT3_IRQHandler
                0x08003884                USART6_IRQHandler
                0x08003884                TIM17_IRQHandler
                0x08003884                USART3_IRQHandler
                0x08003884                BDMA_Channel7_IRQHandler
                0x08003884                LPTIM5_IRQHandler
                0x08003884                UART5_IRQHandler
                0x08003884                ADC3_IRQHandler
                0x08003884                DMA2_Stream0_IRQHandler
                0x08003884                TIM4_IRQHandler
                0x08003884                BDMA_Channel2_IRQHandler
                0x08003884                QUADSPI_IRQHandler
                0x08003884                I2C1_EV_IRQHandler
                0x08003884                DMA1_Stream6_IRQHandler
                0x08003884                DMAMUX1_OVR_IRQHandler
                0x08003884                DMA1_Stream1_IRQHandler
                0x08003884                TIM16_IRQHandler
                0x08003884                UART4_IRQHandler
                0x08003884                BDMA_Channel5_IRQHandler
                0x08003884                TIM3_IRQHandler
                0x08003884                RCC_IRQHandler
                0x08003884                TIM8_BRK_TIM12_IRQHandler
                0x08003884                TIM1_TRG_COM_IRQHandler
                0x08003884                Default_Handler
                0x08003884                CEC_IRQHandler
                0x08003884                EXTI15_10_IRQHandler
                0x08003884                BDMA_Channel0_IRQHandler
                0x08003884                ADC_IRQHandler
                0x08003884                DMA1_Stream7_IRQHandler
                0x08003884                HRTIM1_TIMA_IRQHandler
                0x08003884                SPI5_IRQHandler
                0x08003884                TIM7_IRQHandler
                0x08003884                SDMMC1_IRQHandler
                0x08003884                TIM5_IRQHandler
                0x08003884                DMA2_Stream7_IRQHandler
                0x08003884                TIM15_IRQHandler
                0x08003884                PVD_AVD_IRQHandler
                0x08003884                I2C3_EV_IRQHandler
                0x08003884                EXTI9_5_IRQHandler
                0x08003884                RTC_WKUP_IRQHandler
                0x08003884                LTDC_IRQHandler
                0x08003884                SAI3_IRQHandler
                0x08003884                ETH_WKUP_IRQHandler
                0x08003884                SPDIF_RX_IRQHandler
                0x08003884                SPI2_IRQHandler
                0x08003884                OTG_HS_EP1_IN_IRQHandler
                0x08003884                DMA1_Stream0_IRQHandler
                0x08003884                CRS_IRQHandler
                0x08003884                EXTI4_IRQHandler
                0x08003884                RNG_IRQHandler
                0x08003884                HRTIM1_TIMB_IRQHandler
                0x08003884                FDCAN2_IT1_IRQHandler
                0x08003884                ETH_IRQHandler
                0x08003884                TIM1_UP_IRQHandler
                0x08003884                BDMA_Channel4_IRQHandler
                0x08003884                OTG_HS_EP1_OUT_IRQHandler
                0x08003884                WWDG_IRQHandler
                0x08003884                SPI6_IRQHandler
                0x08003884                MDIOS_IRQHandler
                0x08003884                I2C4_EV_IRQHandler
                0x08003884                FDCAN2_IT0_IRQHandler
                0x08003884                LPUART1_IRQHandler
                0x08003884                FDCAN1_IT0_IRQHandler
                0x08003884                TIM2_IRQHandler
                0x08003884                OTG_FS_WKUP_IRQHandler
                0x08003884                OTG_HS_IRQHandler
                0x08003884                DMA2D_IRQHandler
                0x08003884                TIM1_BRK_IRQHandler
                0x08003884                EXTI1_IRQHandler
                0x08003884                SDMMC2_IRQHandler
                0x08003884                OTG_FS_EP1_OUT_IRQHandler
                0x08003884                BDMA_Channel3_IRQHandler
                0x08003884                UART7_IRQHandler
                0x08003884                MDIOS_WKUP_IRQHandler
                0x08003884                USART2_IRQHandler
                0x08003884                DFSDM1_FLT0_IRQHandler
                0x08003884                SAI4_IRQHandler
                0x08003884                I2C2_ER_IRQHandler
                0x08003884                DMA2_Stream1_IRQHandler
                0x08003884                FLASH_IRQHandler
                0x08003884                DMA2_Stream4_IRQHandler
                0x08003884                USART1_IRQHandler
                0x08003884                OTG_FS_IRQHandler
                0x08003884                SPI3_IRQHandler
                0x08003884                WAKEUP_PIN_IRQHandler
                0x08003884                DMA1_Stream4_IRQHandler
                0x08003884                OTG_FS_EP1_IN_IRQHandler
                0x08003884                I2C1_ER_IRQHandler
                0x08003884                FMC_IRQHandler
                0x08003884                FDCAN_CAL_IRQHandler
                0x08003884                SWPMI1_IRQHandler
                0x08003884                COMP1_IRQHandler
                0x08003884                LPTIM1_IRQHandler
                0x08003884                I2C4_ER_IRQHandler
                0x08003884                DMA2_Stream6_IRQHandler
                0x08003884                SAI1_IRQHandler
                0x08003884                DMA1_Stream3_IRQHandler
 *fill*         0x08003886        0x2 
 .text.__libc_init_array
                0x08003888       0x48 c:/users/adam dixon/desktop/ubc orbit/software/eclipse_for_c/eclipse/plugins/fr.ac6.mcu.externaltools.arm-none.win32_1.16.0.201807130628/tools/compiler/bin/../lib/gcc/arm-none-eabi/7.2.1/../../../../arm-none-eabi/lib/thumb/v7e-m/fpv5/hard\libc_nano.a(lib_a-init.o)
                0x08003888                __libc_init_array
 *(.glue_7)
 .glue_7        0x080038d0        0x0 linker stubs
 *(.glue_7t)
 .glue_7t       0x080038d0        0x0 linker stubs
 *(.eh_frame)
 .eh_frame      0x080038d0        0x0 c:/users/adam dixon/desktop/ubc orbit/software/eclipse_for_c/eclipse/plugins/fr.ac6.mcu.externaltools.arm-none.win32_1.16.0.201807130628/tools/compiler/bin/../lib/gcc/arm-none-eabi/7.2.1/thumb/v7e-m/fpv5/hard/crtbegin.o
 *(.init)
 .init          0x080038d0        0x4 c:/users/adam dixon/desktop/ubc orbit/software/eclipse_for_c/eclipse/plugins/fr.ac6.mcu.externaltools.arm-none.win32_1.16.0.201807130628/tools/compiler/bin/../lib/gcc/arm-none-eabi/7.2.1/thumb/v7e-m/fpv5/hard/crti.o
                0x080038d0                _init
 .init          0x080038d4        0x8 c:/users/adam dixon/desktop/ubc orbit/software/eclipse_for_c/eclipse/plugins/fr.ac6.mcu.externaltools.arm-none.win32_1.16.0.201807130628/tools/compiler/bin/../lib/gcc/arm-none-eabi/7.2.1/thumb/v7e-m/fpv5/hard/crtn.o
 *(.fini)
 .fini          0x080038dc        0x4 c:/users/adam dixon/desktop/ubc orbit/software/eclipse_for_c/eclipse/plugins/fr.ac6.mcu.externaltools.arm-none.win32_1.16.0.201807130628/tools/compiler/bin/../lib/gcc/arm-none-eabi/7.2.1/thumb/v7e-m/fpv5/hard/crti.o
                0x080038dc                _fini
 .fini          0x080038e0        0x8 c:/users/adam dixon/desktop/ubc orbit/software/eclipse_for_c/eclipse/plugins/fr.ac6.mcu.externaltools.arm-none.win32_1.16.0.201807130628/tools/compiler/bin/../lib/gcc/arm-none-eabi/7.2.1/thumb/v7e-m/fpv5/hard/crtn.o
                0x080038e8                . = ALIGN (0x4)
                0x080038e8                _etext = .

.vfp11_veneer   0x080038e8        0x0
 .vfp11_veneer  0x080038e8        0x0 linker stubs

.v4_bx          0x080038e8        0x0
 .v4_bx         0x080038e8        0x0 linker stubs

.iplt           0x080038e8        0x0
 .iplt          0x080038e8        0x0 c:/users/adam dixon/desktop/ubc orbit/software/eclipse_for_c/eclipse/plugins/fr.ac6.mcu.externaltools.arm-none.win32_1.16.0.201807130628/tools/compiler/bin/../lib/gcc/arm-none-eabi/7.2.1/thumb/v7e-m/fpv5/hard/crtbegin.o

.rodata         0x080038e8       0x5c
                0x080038e8                . = ALIGN (0x4)
 *(.rodata)
 .rodata        0x080038e8       0x23 Drivers/STM32H7xx_HAL_Driver/Src/stm32h7xx_hal_fdcan.o
 *fill*         0x0800390b        0x1 
 .rodata        0x0800390c       0x18 Drivers/STM32H7xx_HAL_Driver/Src/stm32h7xx_hal_uart.o
 .rodata        0x08003924       0x10 Src/system_stm32h7xx.o
                0x08003924                D1CorePrescTable
 *(.rodata*)
 .rodata.str1.4
                0x08003934       0x10 Src/main.o
                                  0xe (size before relaxing)
                0x08003944                . = ALIGN (0x4)

.ARM.extab
 *(.ARM.extab* .gnu.linkonce.armextab.*)

.ARM            0x08003944        0x8
                0x08003944                __exidx_start = .
 *(.ARM.exidx*)
 .ARM.exidx     0x08003944        0x8 c:/users/adam dixon/desktop/ubc orbit/software/eclipse_for_c/eclipse/plugins/fr.ac6.mcu.externaltools.arm-none.win32_1.16.0.201807130628/tools/compiler/bin/../lib/gcc/arm-none-eabi/7.2.1/thumb/v7e-m/fpv5/hard\libgcc.a(_udivmoddi4.o)
                0x0800394c                __exidx_end = .

.rel.dyn        0x0800394c        0x0
 .rel.iplt      0x0800394c        0x0 c:/users/adam dixon/desktop/ubc orbit/software/eclipse_for_c/eclipse/plugins/fr.ac6.mcu.externaltools.arm-none.win32_1.16.0.201807130628/tools/compiler/bin/../lib/gcc/arm-none-eabi/7.2.1/thumb/v7e-m/fpv5/hard/crtbegin.o

.preinit_array  0x0800394c        0x0
                0x0800394c                PROVIDE (__preinit_array_start, .)
 *(.preinit_array*)
                0x0800394c                PROVIDE (__preinit_array_end, .)

.init_array     0x0800394c        0x4
                0x0800394c                PROVIDE (__init_array_start, .)
 *(SORT_BY_NAME(.init_array.*))
 *(.init_array*)
 .init_array    0x0800394c        0x4 c:/users/adam dixon/desktop/ubc orbit/software/eclipse_for_c/eclipse/plugins/fr.ac6.mcu.externaltools.arm-none.win32_1.16.0.201807130628/tools/compiler/bin/../lib/gcc/arm-none-eabi/7.2.1/thumb/v7e-m/fpv5/hard/crtbegin.o
                0x08003950                PROVIDE (__init_array_end, .)

.fini_array     0x08003950        0x4
                [!provide]                PROVIDE (__fini_array_start, .)
 *(SORT_BY_NAME(.fini_array.*))
 *(.fini_array*)
 .fini_array    0x08003950        0x4 c:/users/adam dixon/desktop/ubc orbit/software/eclipse_for_c/eclipse/plugins/fr.ac6.mcu.externaltools.arm-none.win32_1.16.0.201807130628/tools/compiler/bin/../lib/gcc/arm-none-eabi/7.2.1/thumb/v7e-m/fpv5/hard/crtbegin.o
                [!provide]                PROVIDE (__fini_array_end, .)
                0x08003954                _sidata = LOADADDR (.data)

.data           0x20000000       0x10 load address 0x08003954
                0x20000000                . = ALIGN (0x4)
                0x20000000                _sdata = .
 *(.data)
 .data          0x20000000        0x8 Drivers/STM32H7xx_HAL_Driver/Src/stm32h7xx_hal.o
 .data          0x20000008        0x8 Src/system_stm32h7xx.o
                0x20000008                SystemCoreClock
                0x2000000c                SystemD2Clock
 *(.data*)
                0x20000010                . = ALIGN (0x4)
                0x20000010                _edata = .

.igot.plt       0x20000010        0x0 load address 0x08003964
 .igot.plt      0x20000010        0x0 c:/users/adam dixon/desktop/ubc orbit/software/eclipse_for_c/eclipse/plugins/fr.ac6.mcu.externaltools.arm-none.win32_1.16.0.201807130628/tools/compiler/bin/../lib/gcc/arm-none-eabi/7.2.1/thumb/v7e-m/fpv5/hard/crtbegin.o
                0x20000010                . = ALIGN (0x4)

.bss            0x20000010      0x13c load address 0x08003964
                0x20000010                _sbss = .
                0x20000010                __bss_start__ = _sbss
 *(.bss)
 .bss           0x20000010       0x1c c:/users/adam dixon/desktop/ubc orbit/software/eclipse_for_c/eclipse/plugins/fr.ac6.mcu.externaltools.arm-none.win32_1.16.0.201807130628/tools/compiler/bin/../lib/gcc/arm-none-eabi/7.2.1/thumb/v7e-m/fpv5/hard/crtbegin.o
 .bss           0x2000002c        0x4 Drivers/STM32H7xx_HAL_Driver/Src/stm32h7xx_hal.o
 *(.bss*)
 *(COMMON)
 COMMON         0x20000030      0x11c Src/main.o
                0x20000030                huart3
                0x200000b0                hfdcan1
                0x2000014c                . = ALIGN (0x4)
                0x2000014c                _ebss = .
                0x2000014c                __bss_end__ = _ebss

._user_heap_stack
                0x2000014c      0x604 load address 0x08003964
                0x20000150                . = ALIGN (0x8)
 *fill*         0x2000014c        0x4 
                [!provide]                PROVIDE (end, .)
                [!provide]                PROVIDE (_end, .)
                0x20000350                . = (. + _Min_Heap_Size)
 *fill*         0x20000150      0x200 
                0x20000750                . = (. + _Min_Stack_Size)
 *fill*         0x20000350      0x400 
                0x20000750                . = ALIGN (0x8)

/DISCARD/
 libc.a(*)
 libm.a(*)
 libgcc.a(*)

.ARM.attributes
                0x00000000       0x2e
 *(.ARM.attributes)
 .ARM.attributes
                0x00000000       0x20 c:/users/adam dixon/desktop/ubc orbit/software/eclipse_for_c/eclipse/plugins/fr.ac6.mcu.externaltools.arm-none.win32_1.16.0.201807130628/tools/compiler/bin/../lib/gcc/arm-none-eabi/7.2.1/thumb/v7e-m/fpv5/hard/crti.o
 .ARM.attributes
                0x00000020       0x32 c:/users/adam dixon/desktop/ubc orbit/software/eclipse_for_c/eclipse/plugins/fr.ac6.mcu.externaltools.arm-none.win32_1.16.0.201807130628/tools/compiler/bin/../lib/gcc/arm-none-eabi/7.2.1/thumb/v7e-m/fpv5/hard/crtbegin.o
 .ARM.attributes
                0x00000052       0x37 Drivers/STM32H7xx_HAL_Driver/Src/stm32h7xx_hal.o
 .ARM.attributes
                0x00000089       0x37 Drivers/STM32H7xx_HAL_Driver/Src/stm32h7xx_hal_cortex.o
 .ARM.attributes
                0x000000c0       0x37 Drivers/STM32H7xx_HAL_Driver/Src/stm32h7xx_hal_fdcan.o
 .ARM.attributes
                0x000000f7       0x37 Drivers/STM32H7xx_HAL_Driver/Src/stm32h7xx_hal_gpio.o
 .ARM.attributes
                0x0000012e       0x37 Drivers/STM32H7xx_HAL_Driver/Src/stm32h7xx_hal_rcc.o
 .ARM.attributes
                0x00000165       0x37 Drivers/STM32H7xx_HAL_Driver/Src/stm32h7xx_hal_rcc_ex.o
 .ARM.attributes
                0x0000019c       0x37 Drivers/STM32H7xx_HAL_Driver/Src/stm32h7xx_hal_uart.o
 .ARM.attributes
                0x000001d3       0x37 Src/main.o
 .ARM.attributes
                0x0000020a       0x37 Src/stm32h7xx_hal_msp.o
 .ARM.attributes
                0x00000241       0x37 Src/stm32h7xx_it.o
 .ARM.attributes
                0x00000278       0x37 Src/system_stm32h7xx.o
 .ARM.attributes
                0x000002af       0x21 startup/startup_stm32h743xx.o
 .ARM.attributes
                0x000002d0       0x20 c:/users/adam dixon/desktop/ubc orbit/software/eclipse_for_c/eclipse/plugins/fr.ac6.mcu.externaltools.arm-none.win32_1.16.0.201807130628/tools/compiler/bin/../lib/gcc/arm-none-eabi/7.2.1/thumb/v7e-m/fpv5/hard\libgcc.a(_aeabi_uldivmod.o)
 .ARM.attributes
                0x000002f0       0x32 c:/users/adam dixon/desktop/ubc orbit/software/eclipse_for_c/eclipse/plugins/fr.ac6.mcu.externaltools.arm-none.win32_1.16.0.201807130628/tools/compiler/bin/../lib/gcc/arm-none-eabi/7.2.1/thumb/v7e-m/fpv5/hard\libgcc.a(_udivmoddi4.o)
 .ARM.attributes
                0x00000322       0x20 c:/users/adam dixon/desktop/ubc orbit/software/eclipse_for_c/eclipse/plugins/fr.ac6.mcu.externaltools.arm-none.win32_1.16.0.201807130628/tools/compiler/bin/../lib/gcc/arm-none-eabi/7.2.1/thumb/v7e-m/fpv5/hard\libgcc.a(_dvmd_tls.o)
 .ARM.attributes
                0x00000342       0x32 c:/users/adam dixon/desktop/ubc orbit/software/eclipse_for_c/eclipse/plugins/fr.ac6.mcu.externaltools.arm-none.win32_1.16.0.201807130628/tools/compiler/bin/../lib/gcc/arm-none-eabi/7.2.1/../../../../arm-none-eabi/lib/thumb/v7e-m/fpv5/hard\libc_nano.a(lib_a-init.o)
 .ARM.attributes
                0x00000374       0x20 c:/users/adam dixon/desktop/ubc orbit/software/eclipse_for_c/eclipse/plugins/fr.ac6.mcu.externaltools.arm-none.win32_1.16.0.201807130628/tools/compiler/bin/../lib/gcc/arm-none-eabi/7.2.1/thumb/v7e-m/fpv5/hard/crtn.o
OUTPUT(CANTest.elf elf32-littlearm)

.debug_info     0x00000000    0x1497e
 .debug_info    0x00000000     0x1d4b Drivers/STM32H7xx_HAL_Driver/Src/stm32h7xx_hal.o
 .debug_info    0x00001d4b     0x1acc Drivers/STM32H7xx_HAL_Driver/Src/stm32h7xx_hal_cortex.o
 .debug_info    0x00003817     0x328a Drivers/STM32H7xx_HAL_Driver/Src/stm32h7xx_hal_fdcan.o
 .debug_info    0x00006aa1     0x14a9 Drivers/STM32H7xx_HAL_Driver/Src/stm32h7xx_hal_gpio.o
 .debug_info    0x00007f4a     0x1b12 Drivers/STM32H7xx_HAL_Driver/Src/stm32h7xx_hal_rcc.o
 .debug_info    0x00009a5c     0x218b Drivers/STM32H7xx_HAL_Driver/Src/stm32h7xx_hal_rcc_ex.o
 .debug_info    0x0000bbe7     0x2759 Drivers/STM32H7xx_HAL_Driver/Src/stm32h7xx_hal_uart.o
 .debug_info    0x0000e340     0x2900 Src/main.o
 .debug_info    0x00010c40     0x2140 Src/stm32h7xx_hal_msp.o
 .debug_info    0x00012d80      0xa44 Src/stm32h7xx_it.o
 .debug_info    0x000137c4     0x1198 Src/system_stm32h7xx.o
 .debug_info    0x0001495c       0x22 startup/startup_stm32h743xx.o

.debug_abbrev   0x00000000     0x21d7
 .debug_abbrev  0x00000000      0x37b Drivers/STM32H7xx_HAL_Driver/Src/stm32h7xx_hal.o
 .debug_abbrev  0x0000037b      0x3fd Drivers/STM32H7xx_HAL_Driver/Src/stm32h7xx_hal_cortex.o
 .debug_abbrev  0x00000778      0x362 Drivers/STM32H7xx_HAL_Driver/Src/stm32h7xx_hal_fdcan.o
 .debug_abbrev  0x00000ada      0x2e1 Drivers/STM32H7xx_HAL_Driver/Src/stm32h7xx_hal_gpio.o
 .debug_abbrev  0x00000dbb      0x35a Drivers/STM32H7xx_HAL_Driver/Src/stm32h7xx_hal_rcc.o
 .debug_abbrev  0x00001115      0x389 Drivers/STM32H7xx_HAL_Driver/Src/stm32h7xx_hal_rcc_ex.o
 .debug_abbrev  0x0000149e      0x33d Drivers/STM32H7xx_HAL_Driver/Src/stm32h7xx_hal_uart.o
 .debug_abbrev  0x000017db      0x310 Src/main.o
 .debug_abbrev  0x00001aeb      0x270 Src/stm32h7xx_hal_msp.o
 .debug_abbrev  0x00001d5b      0x1f6 Src/stm32h7xx_it.o
 .debug_abbrev  0x00001f51      0x274 Src/system_stm32h7xx.o
 .debug_abbrev  0x000021c5       0x12 startup/startup_stm32h743xx.o

.debug_loc      0x00000000     0x74ff
 .debug_loc     0x00000000      0x434 Drivers/STM32H7xx_HAL_Driver/Src/stm32h7xx_hal.o
 .debug_loc     0x00000434      0x5ac Drivers/STM32H7xx_HAL_Driver/Src/stm32h7xx_hal_cortex.o
 .debug_loc     0x000009e0     0x2d13 Drivers/STM32H7xx_HAL_Driver/Src/stm32h7xx_hal_fdcan.o
 .debug_loc     0x000036f3      0x43e Drivers/STM32H7xx_HAL_Driver/Src/stm32h7xx_hal_gpio.o
 .debug_loc     0x00003b31      0x711 Drivers/STM32H7xx_HAL_Driver/Src/stm32h7xx_hal_rcc.o
 .debug_loc     0x00004242     0x1740 Drivers/STM32H7xx_HAL_Driver/Src/stm32h7xx_hal_rcc_ex.o
 .debug_loc     0x00005982     0x18a8 Drivers/STM32H7xx_HAL_Driver/Src/stm32h7xx_hal_uart.o
 .debug_loc     0x0000722a       0xb6 Src/stm32h7xx_hal_msp.o
 .debug_loc     0x000072e0      0x21f Src/system_stm32h7xx.o

.debug_aranges  0x00000000      0xa30
 .debug_aranges
                0x00000000      0x1a0 Drivers/STM32H7xx_HAL_Driver/Src/stm32h7xx_hal.o
 .debug_aranges
                0x000001a0       0xb0 Drivers/STM32H7xx_HAL_Driver/Src/stm32h7xx_hal_cortex.o
 .debug_aranges
                0x00000250      0x308 Drivers/STM32H7xx_HAL_Driver/Src/stm32h7xx_hal_fdcan.o
 .debug_aranges
                0x00000558       0x58 Drivers/STM32H7xx_HAL_Driver/Src/stm32h7xx_hal_gpio.o
 .debug_aranges
                0x000005b0       0x80 Drivers/STM32H7xx_HAL_Driver/Src/stm32h7xx_hal_rcc.o
 .debug_aranges
                0x00000630       0xe0 Drivers/STM32H7xx_HAL_Driver/Src/stm32h7xx_hal_rcc_ex.o
 .debug_aranges
                0x00000710      0x1e8 Drivers/STM32H7xx_HAL_Driver/Src/stm32h7xx_hal_uart.o
 .debug_aranges
                0x000008f8       0x48 Src/main.o
 .debug_aranges
                0x00000940       0x40 Src/stm32h7xx_hal_msp.o
 .debug_aranges
                0x00000980       0x60 Src/stm32h7xx_it.o
 .debug_aranges
                0x000009e0       0x28 Src/system_stm32h7xx.o
 .debug_aranges
                0x00000a08       0x28 startup/startup_stm32h743xx.o

.debug_ranges   0x00000000      0x9d8
 .debug_ranges  0x00000000      0x190 Drivers/STM32H7xx_HAL_Driver/Src/stm32h7xx_hal.o
 .debug_ranges  0x00000190      0x100 Drivers/STM32H7xx_HAL_Driver/Src/stm32h7xx_hal_cortex.o
 .debug_ranges  0x00000290      0x2f8 Drivers/STM32H7xx_HAL_Driver/Src/stm32h7xx_hal_fdcan.o
 .debug_ranges  0x00000588       0x48 Drivers/STM32H7xx_HAL_Driver/Src/stm32h7xx_hal_gpio.o
 .debug_ranges  0x000005d0       0x70 Drivers/STM32H7xx_HAL_Driver/Src/stm32h7xx_hal_rcc.o
 .debug_ranges  0x00000640       0xd0 Drivers/STM32H7xx_HAL_Driver/Src/stm32h7xx_hal_rcc_ex.o
 .debug_ranges  0x00000710      0x1d8 Drivers/STM32H7xx_HAL_Driver/Src/stm32h7xx_hal_uart.o
 .debug_ranges  0x000008e8       0x38 Src/main.o
 .debug_ranges  0x00000920       0x30 Src/stm32h7xx_hal_msp.o
 .debug_ranges  0x00000950       0x50 Src/stm32h7xx_it.o
 .debug_ranges  0x000009a0       0x18 Src/system_stm32h7xx.o
 .debug_ranges  0x000009b8       0x20 startup/startup_stm32h743xx.o

.debug_macro    0x00000000    0x335b7
 .debug_macro   0x00000000      0x35b Drivers/STM32H7xx_HAL_Driver/Src/stm32h7xx_hal.o
 .debug_macro   0x0000035b      0xa6c Drivers/STM32H7xx_HAL_Driver/Src/stm32h7xx_hal.o
 .debug_macro   0x00000dc7       0x28 Drivers/STM32H7xx_HAL_Driver/Src/stm32h7xx_hal.o
 .debug_macro   0x00000def       0xac Drivers/STM32H7xx_HAL_Driver/Src/stm32h7xx_hal.o
 .debug_macro   0x00000e9b       0x2e Drivers/STM32H7xx_HAL_Driver/Src/stm32h7xx_hal.o
 .debug_macro   0x00000ec9       0x3b Drivers/STM32H7xx_HAL_Driver/Src/stm32h7xx_hal.o
 .debug_macro   0x00000f04       0x22 Drivers/STM32H7xx_HAL_Driver/Src/stm32h7xx_hal.o
 .debug_macro   0x00000f26       0x87 Drivers/STM32H7xx_HAL_Driver/Src/stm32h7xx_hal.o
 .debug_macro   0x00000fad       0x51 Drivers/STM32H7xx_HAL_Driver/Src/stm32h7xx_hal.o
 .debug_macro   0x00000ffe       0xef Drivers/STM32H7xx_HAL_Driver/Src/stm32h7xx_hal.o
 .debug_macro   0x000010ed       0x6a Drivers/STM32H7xx_HAL_Driver/Src/stm32h7xx_hal.o
 .debug_macro   0x00001157      0x1df Drivers/STM32H7xx_HAL_Driver/Src/stm32h7xx_hal.o
 .debug_macro   0x00001336       0x22 Drivers/STM32H7xx_HAL_Driver/Src/stm32h7xx_hal.o
 .debug_macro   0x00001358       0xaf Drivers/STM32H7xx_HAL_Driver/Src/stm32h7xx_hal.o
 .debug_macro   0x00001407     0x128e Drivers/STM32H7xx_HAL_Driver/Src/stm32h7xx_hal.o
 .debug_macro   0x00002695    0x243af Drivers/STM32H7xx_HAL_Driver/Src/stm32h7xx_hal.o
 .debug_macro   0x00026a44       0x43 Drivers/STM32H7xx_HAL_Driver/Src/stm32h7xx_hal.o
 .debug_macro   0x00026a87     0x369a Drivers/STM32H7xx_HAL_Driver/Src/stm32h7xx_hal.o
 .debug_macro   0x0002a121       0x58 Drivers/STM32H7xx_HAL_Driver/Src/stm32h7xx_hal.o
 .debug_macro   0x0002a179       0x17 Drivers/STM32H7xx_HAL_Driver/Src/stm32h7xx_hal.o
 .debug_macro   0x0002a190       0x35 Drivers/STM32H7xx_HAL_Driver/Src/stm32h7xx_hal.o
 .debug_macro   0x0002a1c5       0x9c Drivers/STM32H7xx_HAL_Driver/Src/stm32h7xx_hal.o
 .debug_macro   0x0002a261       0x16 Drivers/STM32H7xx_HAL_Driver/Src/stm32h7xx_hal.o
 .debug_macro   0x0002a277       0x97 Drivers/STM32H7xx_HAL_Driver/Src/stm32h7xx_hal.o
 .debug_macro   0x0002a30e      0x330 Drivers/STM32H7xx_HAL_Driver/Src/stm32h7xx_hal.o
 .debug_macro   0x0002a63e       0xfd Drivers/STM32H7xx_HAL_Driver/Src/stm32h7xx_hal.o
 .debug_macro   0x0002a73b       0x10 Drivers/STM32H7xx_HAL_Driver/Src/stm32h7xx_hal.o
 .debug_macro   0x0002a74b       0x58 Drivers/STM32H7xx_HAL_Driver/Src/stm32h7xx_hal.o
 .debug_macro   0x0002a7a3       0x1f Drivers/STM32H7xx_HAL_Driver/Src/stm32h7xx_hal.o
 .debug_macro   0x0002a7c2       0x43 Drivers/STM32H7xx_HAL_Driver/Src/stm32h7xx_hal.o
 .debug_macro   0x0002a805       0x20 Drivers/STM32H7xx_HAL_Driver/Src/stm32h7xx_hal.o
 .debug_macro   0x0002a825      0x18e Drivers/STM32H7xx_HAL_Driver/Src/stm32h7xx_hal.o
 .debug_macro   0x0002a9b3       0x10 Drivers/STM32H7xx_HAL_Driver/Src/stm32h7xx_hal.o
 .debug_macro   0x0002a9c3       0x1c Drivers/STM32H7xx_HAL_Driver/Src/stm32h7xx_hal.o
 .debug_macro   0x0002a9df       0x52 Drivers/STM32H7xx_HAL_Driver/Src/stm32h7xx_hal.o
 .debug_macro   0x0002aa31       0x40 Drivers/STM32H7xx_HAL_Driver/Src/stm32h7xx_hal.o
 .debug_macro   0x0002aa71       0x10 Drivers/STM32H7xx_HAL_Driver/Src/stm32h7xx_hal.o
 .debug_macro   0x0002aa81       0x40 Drivers/STM32H7xx_HAL_Driver/Src/stm32h7xx_hal.o
 .debug_macro   0x0002aac1       0xd7 Drivers/STM32H7xx_HAL_Driver/Src/stm32h7xx_hal.o
 .debug_macro   0x0002ab98       0x1c Drivers/STM32H7xx_HAL_Driver/Src/stm32h7xx_hal.o
 .debug_macro   0x0002abb4       0x3d Drivers/STM32H7xx_HAL_Driver/Src/stm32h7xx_hal.o
 .debug_macro   0x0002abf1       0x16 Drivers/STM32H7xx_HAL_Driver/Src/stm32h7xx_hal.o
 .debug_macro   0x0002ac07      0x16f Drivers/STM32H7xx_HAL_Driver/Src/stm32h7xx_hal.o
 .debug_macro   0x0002ad76       0x50 Drivers/STM32H7xx_HAL_Driver/Src/stm32h7xx_hal.o
 .debug_macro   0x0002adc6     0x18d8 Drivers/STM32H7xx_HAL_Driver/Src/stm32h7xx_hal.o
 .debug_macro   0x0002c69e      0xf30 Drivers/STM32H7xx_HAL_Driver/Src/stm32h7xx_hal.o
 .debug_macro   0x0002d5ce      0x12a Drivers/STM32H7xx_HAL_Driver/Src/stm32h7xx_hal.o
 .debug_macro   0x0002d6f8      0x11e Drivers/STM32H7xx_HAL_Driver/Src/stm32h7xx_hal.o
 .debug_macro   0x0002d816      0x34d Drivers/STM32H7xx_HAL_Driver/Src/stm32h7xx_hal.o
 .debug_macro   0x0002db63       0x27 Drivers/STM32H7xx_HAL_Driver/Src/stm32h7xx_hal.o
 .debug_macro   0x0002db8a      0x71f Drivers/STM32H7xx_HAL_Driver/Src/stm32h7xx_hal.o
 .debug_macro   0x0002e2a9      0x238 Drivers/STM32H7xx_HAL_Driver/Src/stm32h7xx_hal.o
 .debug_macro   0x0002e4e1       0x74 Drivers/STM32H7xx_HAL_Driver/Src/stm32h7xx_hal.o
 .debug_macro   0x0002e555      0x279 Drivers/STM32H7xx_HAL_Driver/Src/stm32h7xx_hal.o
 .debug_macro   0x0002e7ce      0xdf5 Drivers/STM32H7xx_HAL_Driver/Src/stm32h7xx_hal.o
 .debug_macro   0x0002f5c3      0x3a5 Drivers/STM32H7xx_HAL_Driver/Src/stm32h7xx_hal.o
 .debug_macro   0x0002f968      0x359 Drivers/STM32H7xx_HAL_Driver/Src/stm32h7xx_hal.o
 .debug_macro   0x0002fcc1       0x51 Drivers/STM32H7xx_HAL_Driver/Src/stm32h7xx_hal.o
 .debug_macro   0x0002fd12       0x4a Drivers/STM32H7xx_HAL_Driver/Src/stm32h7xx_hal.o
 .debug_macro   0x0002fd5c      0x209 Drivers/STM32H7xx_HAL_Driver/Src/stm32h7xx_hal.o
 .debug_macro   0x0002ff65       0x59 Drivers/STM32H7xx_HAL_Driver/Src/stm32h7xx_hal.o
 .debug_macro   0x0002ffbe       0x90 Drivers/STM32H7xx_HAL_Driver/Src/stm32h7xx_hal.o
 .debug_macro   0x0003004e      0x39f Drivers/STM32H7xx_HAL_Driver/Src/stm32h7xx_hal.o
 .debug_macro   0x000303ed      0x163 Drivers/STM32H7xx_HAL_Driver/Src/stm32h7xx_hal.o
 .debug_macro   0x00030550      0x263 Drivers/STM32H7xx_HAL_Driver/Src/stm32h7xx_hal.o
 .debug_macro   0x000307b3       0x35 Drivers/STM32H7xx_HAL_Driver/Src/stm32h7xx_hal.o
 .debug_macro   0x000307e8      0x670 Drivers/STM32H7xx_HAL_Driver/Src/stm32h7xx_hal.o
 .debug_macro   0x00030e58       0x44 Drivers/STM32H7xx_HAL_Driver/Src/stm32h7xx_hal.o
 .debug_macro   0x00030e9c      0x518 Drivers/STM32H7xx_HAL_Driver/Src/stm32h7xx_hal.o
 .debug_macro   0x000313b4      0x331 Drivers/STM32H7xx_HAL_Driver/Src/stm32h7xx_hal_cortex.o
 .debug_macro   0x000316e5      0x3d9 Drivers/STM32H7xx_HAL_Driver/Src/stm32h7xx_hal_fdcan.o
 .debug_macro   0x00031abe      0x370 Drivers/STM32H7xx_HAL_Driver/Src/stm32h7xx_hal_gpio.o
 .debug_macro   0x00031e2e      0x355 Drivers/STM32H7xx_HAL_Driver/Src/stm32h7xx_hal_rcc.o
 .debug_macro   0x00032183      0x355 Drivers/STM32H7xx_HAL_Driver/Src/stm32h7xx_hal_rcc_ex.o
 .debug_macro   0x000324d8      0x349 Drivers/STM32H7xx_HAL_Driver/Src/stm32h7xx_hal_uart.o
 .debug_macro   0x00032821      0x369 Src/main.o
 .debug_macro   0x00032b8a       0x16 Src/main.o
 .debug_macro   0x00032ba0       0x35 Src/main.o
 .debug_macro   0x00032bd5       0x16 Src/main.o
 .debug_macro   0x00032beb       0x29 Src/main.o
 .debug_macro   0x00032c14      0x331 Src/stm32h7xx_hal_msp.o
 .debug_macro   0x00032f45      0x33b Src/stm32h7xx_it.o
 .debug_macro   0x00033280      0x337 Src/system_stm32h7xx.o

.debug_line     0x00000000     0x8f05
 .debug_line    0x00000000      0xc76 Drivers/STM32H7xx_HAL_Driver/Src/stm32h7xx_hal.o
 .debug_line    0x00000c76      0xb1d Drivers/STM32H7xx_HAL_Driver/Src/stm32h7xx_hal_cortex.o
 .debug_line    0x00001793     0x1689 Drivers/STM32H7xx_HAL_Driver/Src/stm32h7xx_hal_fdcan.o
 .debug_line    0x00002e1c      0xa42 Drivers/STM32H7xx_HAL_Driver/Src/stm32h7xx_hal_gpio.o
 .debug_line    0x0000385e      0xc91 Drivers/STM32H7xx_HAL_Driver/Src/stm32h7xx_hal_rcc.o
 .debug_line    0x000044ef      0xfb2 Drivers/STM32H7xx_HAL_Driver/Src/stm32h7xx_hal_rcc_ex.o
 .debug_line    0x000054a1     0x14e5 Drivers/STM32H7xx_HAL_Driver/Src/stm32h7xx_hal_uart.o
 .debug_line    0x00006986      0x99d Src/main.o
 .debug_line    0x00007323      0x91d Src/stm32h7xx_hal_msp.o
 .debug_line    0x00007c40      0x93d Src/stm32h7xx_it.o
 .debug_line    0x0000857d      0x909 Src/system_stm32h7xx.o
 .debug_line    0x00008e86       0x7f startup/startup_stm32h743xx.o

.debug_str      0x00000000   0x144a55
 .debug_str     0x00000000   0x1405f0 Drivers/STM32H7xx_HAL_Driver/Src/stm32h7xx_hal.o
                             0x140be5 (size before relaxing)
 .debug_str     0x001405f0      0x45f Drivers/STM32H7xx_HAL_Driver/Src/stm32h7xx_hal_cortex.o
                             0x1405ed (size before relaxing)
 .debug_str     0x00140a4f     0x1eb3 Drivers/STM32H7xx_HAL_Driver/Src/stm32h7xx_hal_fdcan.o
                             0x1417e6 (size before relaxing)
 .debug_str     0x00142902      0x286 Drivers/STM32H7xx_HAL_Driver/Src/stm32h7xx_hal_gpio.o
                             0x13fdd0 (size before relaxing)
 .debug_str     0x00142b88      0x54c Drivers/STM32H7xx_HAL_Driver/Src/stm32h7xx_hal_rcc.o
                             0x13fff2 (size before relaxing)
 .debug_str     0x001430d4      0x8ed Drivers/STM32H7xx_HAL_Driver/Src/stm32h7xx_hal_rcc_ex.o
                             0x1403f4 (size before relaxing)
 .debug_str     0x001439c1      0xdc2 Drivers/STM32H7xx_HAL_Driver/Src/stm32h7xx_hal_uart.o
                             0x1409d7 (size before relaxing)
 .debug_str     0x00144783      0x17f Src/main.o
                             0x141469 (size before relaxing)
 .debug_str     0x00144902       0x1b Src/stm32h7xx_hal_msp.o
                             0x140cd6 (size before relaxing)
 .debug_str     0x0014491d       0xb8 Src/stm32h7xx_it.o
                             0x13f846 (size before relaxing)
 .debug_str     0x001449d5       0x50 Src/system_stm32h7xx.o
                             0x13fb34 (size before relaxing)
 .debug_str     0x00144a25       0x30 startup/startup_stm32h743xx.o
                                 0x64 (size before relaxing)

.comment        0x00000000       0x7e
 .comment       0x00000000       0x7e Drivers/STM32H7xx_HAL_Driver/Src/stm32h7xx_hal.o
                                 0x7f (size before relaxing)
 .comment       0x0000007e       0x7f Drivers/STM32H7xx_HAL_Driver/Src/stm32h7xx_hal_cortex.o
 .comment       0x0000007e       0x7f Drivers/STM32H7xx_HAL_Driver/Src/stm32h7xx_hal_fdcan.o
 .comment       0x0000007e       0x7f Drivers/STM32H7xx_HAL_Driver/Src/stm32h7xx_hal_gpio.o
 .comment       0x0000007e       0x7f Drivers/STM32H7xx_HAL_Driver/Src/stm32h7xx_hal_rcc.o
 .comment       0x0000007e       0x7f Drivers/STM32H7xx_HAL_Driver/Src/stm32h7xx_hal_rcc_ex.o
 .comment       0x0000007e       0x7f Drivers/STM32H7xx_HAL_Driver/Src/stm32h7xx_hal_uart.o
 .comment       0x0000007e       0x7f Src/main.o
 .comment       0x0000007e       0x7f Src/stm32h7xx_hal_msp.o
 .comment       0x0000007e       0x7f Src/stm32h7xx_it.o
 .comment       0x0000007e       0x7f Src/system_stm32h7xx.o

.debug_frame    0x00000000     0x1934
 .debug_frame   0x00000000      0x3a4 Drivers/STM32H7xx_HAL_Driver/Src/stm32h7xx_hal.o
 .debug_frame   0x000003a4      0x16c Drivers/STM32H7xx_HAL_Driver/Src/stm32h7xx_hal_cortex.o
 .debug_frame   0x00000510      0x774 Drivers/STM32H7xx_HAL_Driver/Src/stm32h7xx_hal_fdcan.o
 .debug_frame   0x00000c84       0xd8 Drivers/STM32H7xx_HAL_Driver/Src/stm32h7xx_hal_gpio.o
 .debug_frame   0x00000d5c      0x148 Drivers/STM32H7xx_HAL_Driver/Src/stm32h7xx_hal_rcc.o
 .debug_frame   0x00000ea4      0x274 Drivers/STM32H7xx_HAL_Driver/Src/stm32h7xx_hal_rcc_ex.o
 .debug_frame   0x00001118      0x558 Drivers/STM32H7xx_HAL_Driver/Src/stm32h7xx_hal_uart.o
 .debug_frame   0x00001670       0xac Src/main.o
 .debug_frame   0x0000171c       0x94 Src/stm32h7xx_hal_msp.o
 .debug_frame   0x000017b0       0xa8 Src/stm32h7xx_it.o
 .debug_frame   0x00001858       0x50 Src/system_stm32h7xx.o
 .debug_frame   0x000018a8       0x2c c:/users/adam dixon/desktop/ubc orbit/software/eclipse_for_c/eclipse/plugins/fr.ac6.mcu.externaltools.arm-none.win32_1.16.0.201807130628/tools/compiler/bin/../lib/gcc/arm-none-eabi/7.2.1/thumb/v7e-m/fpv5/hard\libgcc.a(_aeabi_uldivmod.o)
 .debug_frame   0x000018d4       0x34 c:/users/adam dixon/desktop/ubc orbit/software/eclipse_for_c/eclipse/plugins/fr.ac6.mcu.externaltools.arm-none.win32_1.16.0.201807130628/tools/compiler/bin/../lib/gcc/arm-none-eabi/7.2.1/thumb/v7e-m/fpv5/hard\libgcc.a(_udivmoddi4.o)
 .debug_frame   0x00001908       0x2c c:/users/adam dixon/desktop/ubc orbit/software/eclipse_for_c/eclipse/plugins/fr.ac6.mcu.externaltools.arm-none.win32_1.16.0.201807130628/tools/compiler/bin/../lib/gcc/arm-none-eabi/7.2.1/../../../../arm-none-eabi/lib/thumb/v7e-m/fpv5/hard\libc_nano.a(lib_a-init.o)
